1500
# Ignacio X.,Dominguez,ignacioxd
# Sarah,Heckman,sesmith5
# James,Tetterton,jctetter
* MI0,Coffee,Large Coffee,2.5
* MI1,Pastries,Donut,2.0
* MI2,Tea,Chai Latte,3.0
- 151,ignacioxd,MI2
- 152,sesmith5,MI0,MI1,MI1,MI1,MI2
- 1500,jctetter,MI1,MI2,MI2